ingress Completed: Reply: 0x4449444c016c01b3c4b1f204680100010a00000000000000000101
ingress Completed: Reply: 0x4449444c0000
ingress Completed: Reply: 0x01
Ok: Reply: 0x01
ingress Completed: Reply: 0x4449444c0000
ingress Completed: Reply: 0x01
Ok: Reply: 0x01
